org\alvesdev\listener\automacao\CallMakerListener.class
org\alvesdev\commands\CallMakerCommand.class
org\alvesdev\service\CallPrivadaService.class
org\alvesdev\config\ReadyListener.class
org\alvesdev\commands\RegistroSlashCommand.class
org\alvesdev\service\registro\SlashCommandRegistry.class
org\alvesdev\repository\VipManager.class
org\alvesdev\service\EmbedService.class
org\alvesdev\controller\VipController.class
org\alvesdev\listener\RegistroSelectMenuListener.class
org\alvesdev\repository\TicketManager.class
org\alvesdev\model\UsuarioVip.class
org\alvesdev\listener\layout\TicketButtonListener.class
org\alvesdev\listener\CommandListener.class
org\alvesdev\commands\prefix\RegistroPrefixCommand.class
org\alvesdev\util\adapter\LocalDateTimeAdapter.class
org\alvesdev\commands\prefix\CriarEmbedPrefixCommand.class
org\alvesdev\commands\CriarTicketCommand.class
org\alvesdev\service\VipService.class
org\alvesdev\listener\layout\TicketSelectListener.class
org\alvesdev\config\Config.class
org\alvesdev\util\exceptions\FalhaAoIniciarException.class
org\alvesdev\repository\CallMakerManager.class
org\alvesdev\commands\SetVipRoleCommand.class
org\alvesdev\commands\CriarEmbedCommand.class
org\alvesdev\commands\prefix\CallMakerPrefixCommand.class
org\alvesdev\MainBot.class
