C:\Users\lucca\IdeaProjects\ValorantBrasil-Bot\src\main\java\org\alvesdev\config\ReadyListener.java
C:\Users\lucca\IdeaProjects\ValorantBrasil-Bot\src\main\java\org\alvesdev\commands\prefix\CallMakerPrefixCommand.java
C:\Users\lucca\IdeaProjects\ValorantBrasil-Bot\src\main\java\org\alvesdev\listener\layout\TicketButtonListener.java
C:\Users\lucca\IdeaProjects\ValorantBrasil-Bot\src\main\java\org\alvesdev\service\EmbedService.java
C:\Users\lucca\IdeaProjects\ValorantBrasil-Bot\src\main\java\org\alvesdev\service\registro\SlashCommandRegistry.java
C:\Users\lucca\IdeaProjects\ValorantBrasil-Bot\src\main\java\org\alvesdev\MainBot.java
C:\Users\lucca\IdeaProjects\ValorantBrasil-Bot\src\main\java\org\alvesdev\commands\CallMakerCommand.java
C:\Users\lucca\IdeaProjects\ValorantBrasil-Bot\src\main\java\org\alvesdev\listener\CommandListener.java
C:\Users\lucca\IdeaProjects\ValorantBrasil-Bot\src\main\java\org\alvesdev\service\CallPrivadaService.java
C:\Users\lucca\IdeaProjects\ValorantBrasil-Bot\src\main\java\org\alvesdev\repository\TicketManager.java
C:\Users\lucca\IdeaProjects\ValorantBrasil-Bot\src\main\java\org\alvesdev\listener\RegistroSelectMenuListener.java
C:\Users\lucca\IdeaProjects\ValorantBrasil-Bot\src\main\java\org\alvesdev\listener\automacao\CallMakerListener.java
C:\Users\lucca\IdeaProjects\ValorantBrasil-Bot\src\main\java\org\alvesdev\service\VipService.java
C:\Users\lucca\IdeaProjects\ValorantBrasil-Bot\src\main\java\org\alvesdev\commands\RegistroSlashCommand.java
C:\Users\lucca\IdeaProjects\ValorantBrasil-Bot\src\main\java\org\alvesdev\commands\prefix\RegistroPrefixCommand.java
C:\Users\lucca\IdeaProjects\ValorantBrasil-Bot\src\main\java\org\alvesdev\commands\SetVipRoleCommand.java
C:\Users\lucca\IdeaProjects\ValorantBrasil-Bot\src\main\java\org\alvesdev\commands\CriarTicketCommand.java
C:\Users\lucca\IdeaProjects\ValorantBrasil-Bot\src\main\java\org\alvesdev\util\adapter\LocalDateTimeAdapter.java
C:\Users\lucca\IdeaProjects\ValorantBrasil-Bot\src\main\java\org\alvesdev\commands\prefix\CriarEmbedPrefixCommand.java
C:\Users\lucca\IdeaProjects\ValorantBrasil-Bot\src\main\java\org\alvesdev\commands\CriarEmbedCommand.java
C:\Users\lucca\IdeaProjects\ValorantBrasil-Bot\src\main\java\org\alvesdev\repository\VipManager.java
C:\Users\lucca\IdeaProjects\ValorantBrasil-Bot\src\main\java\org\alvesdev\util\exceptions\FalhaAoIniciarException.java
C:\Users\lucca\IdeaProjects\ValorantBrasil-Bot\src\main\java\org\alvesdev\repository\CallMakerManager.java
C:\Users\lucca\IdeaProjects\ValorantBrasil-Bot\src\main\java\org\alvesdev\config\Config.java
C:\Users\lucca\IdeaProjects\ValorantBrasil-Bot\src\main\java\org\alvesdev\listener\layout\TicketSelectListener.java
C:\Users\lucca\IdeaProjects\ValorantBrasil-Bot\src\main\java\org\alvesdev\model\UsuarioVip.java
C:\Users\lucca\IdeaProjects\ValorantBrasil-Bot\src\main\java\org\alvesdev\controller\VipController.java
